Archive member included to satisfy reference by file (symbol)

../libopencm3/lib/libopencm3_stm32f4.a(gpio_common_f0234.o)
                              src/firmware.o (gpio_mode_setup)
../libopencm3/lib/libopencm3_stm32f4.a(rcc_common_all.o)
                              src/firmware.o (rcc_periph_clock_enable)
../libopencm3/lib/libopencm3_stm32f4.a(rcc.o)
                              src/core/system.o (rcc_clock_setup_pll)
../libopencm3/lib/libopencm3_stm32f4.a(timer_common_all.o)
                              src/core/timer.o (timer_set_mode)
../libopencm3/lib/libopencm3_stm32f4.a(vector.o)
                              (reset_handler)
../libopencm3/lib/libopencm3_stm32f4.a(systick.o)
                              src/core/system.o (systick_set_frequency)
../libopencm3/lib/libopencm3_stm32f4.a(flash_common_all.o)
                              ../libopencm3/lib/libopencm3_stm32f4.a(rcc.o) (flash_set_ws)
../libopencm3/lib/libopencm3_stm32f4.a(flash_common_idcache.o)
                              ../libopencm3/lib/libopencm3_stm32f4.a(rcc.o) (flash_dcache_enable)
../libopencm3/lib/libopencm3_stm32f4.a(pwr.o)
                              ../libopencm3/lib/libopencm3_stm32f4.a(rcc.o) (pwr_set_vos_scale)

Discarded input sections

 .group         0x00000000        0xc src/firmware.o
 .group         0x00000000        0xc src/firmware.o
 .group         0x00000000        0xc src/firmware.o
 .group         0x00000000        0xc src/firmware.o
 .group         0x00000000        0xc src/firmware.o
 .group         0x00000000        0xc src/firmware.o
 .group         0x00000000        0xc src/firmware.o
 .group         0x00000000        0xc src/firmware.o
 .group         0x00000000        0xc src/firmware.o
 .group         0x00000000        0xc src/firmware.o
 .group         0x00000000        0xc src/firmware.o
 .group         0x00000000        0xc src/firmware.o
 .group         0x00000000        0xc src/firmware.o
 .group         0x00000000        0xc src/firmware.o
 .group         0x00000000        0xc src/firmware.o
 .group         0x00000000        0xc src/firmware.o
 .group         0x00000000        0xc src/firmware.o
 .group         0x00000000        0xc src/firmware.o
 .group         0x00000000        0xc src/firmware.o
 .text          0x00000000        0x0 src/firmware.o
 .data          0x00000000        0x0 src/firmware.o
 .bss           0x00000000        0x0 src/firmware.o
 .group         0x00000000        0xc src/core/system.o
 .group         0x00000000        0xc src/core/system.o
 .group         0x00000000        0xc src/core/system.o
 .group         0x00000000        0xc src/core/system.o
 .group         0x00000000        0xc src/core/system.o
 .group         0x00000000        0xc src/core/system.o
 .group         0x00000000        0xc src/core/system.o
 .group         0x00000000        0xc src/core/system.o
 .group         0x00000000        0xc src/core/system.o
 .group         0x00000000        0xc src/core/system.o
 .group         0x00000000        0xc src/core/system.o
 .group         0x00000000        0xc src/core/system.o
 .group         0x00000000        0xc src/core/system.o
 .group         0x00000000        0xc src/core/system.o
 .group         0x00000000        0xc src/core/system.o
 .group         0x00000000        0xc src/core/system.o
 .group         0x00000000        0xc src/core/system.o
 .group         0x00000000        0xc src/core/system.o
 .text          0x00000000        0x0 src/core/system.o
 .data          0x00000000        0x0 src/core/system.o
 .bss           0x00000000        0x0 src/core/system.o
 .debug_macro   0x00000000      0xacc src/core/system.o
 .debug_macro   0x00000000       0x22 src/core/system.o
 .debug_macro   0x00000000       0x22 src/core/system.o
 .debug_macro   0x00000000       0x56 src/core/system.o
 .debug_macro   0x00000000       0x51 src/core/system.o
 .debug_macro   0x00000000      0x103 src/core/system.o
 .debug_macro   0x00000000       0x6a src/core/system.o
 .debug_macro   0x00000000      0x1df src/core/system.o
 .debug_macro   0x00000000       0x10 src/core/system.o
 .debug_macro   0x00000000       0x76 src/core/system.o
 .debug_macro   0x00000000       0x8e src/core/system.o
 .debug_macro   0x00000000       0x46 src/core/system.o
 .debug_macro   0x00000000      0xcea src/core/system.o
 .group         0x00000000        0xc src/core/timer.o
 .group         0x00000000        0xc src/core/timer.o
 .group         0x00000000        0xc src/core/timer.o
 .group         0x00000000        0xc src/core/timer.o
 .group         0x00000000        0xc src/core/timer.o
 .group         0x00000000        0xc src/core/timer.o
 .group         0x00000000        0xc src/core/timer.o
 .group         0x00000000        0xc src/core/timer.o
 .group         0x00000000        0xc src/core/timer.o
 .group         0x00000000        0xc src/core/timer.o
 .group         0x00000000        0xc src/core/timer.o
 .group         0x00000000        0xc src/core/timer.o
[...]
Memory Configuration

Name             Origin             Length             Attributes
rom              0x08000000         0x00080000         xr
ram              0x20000000         0x00020000         xrw
*default*        0x00000000         0xffffffff

Linker script and memory map

LOAD src/firmware.o
LOAD src/core/system.o
LOAD src/core/timer.o
LOAD ../libopencm3/lib/libopencm3_stm32f4.a
START GROUP
LOAD /opt/ST/STM32CubeCLT_1.19.0/GNU-tools-for-STM32/bin/../lib/gcc/arm-none-eabi/13.3.1/../../../../arm-none-eabi/lib/thumb/v7e-m+fp/hard/libc.a
LOAD /opt/ST/STM32CubeCLT_1.19.0/GNU-tools-for-STM32/bin/../lib/gcc/arm-none-eabi/13.3.1/thumb/v7e-m+fp/hard/libgcc.a
LOAD /opt/ST/STM32CubeCLT_1.19.0/GNU-tools-for-STM32/bin/../lib/gcc/arm-none-eabi/13.3.1/../../../../arm-none-eabi/lib/thumb/v7e-m+fp/hard/libnosys.a
END GROUP
START GROUP
LOAD /opt/ST/STM32CubeCLT_1.19.0/GNU-tools-for-STM32/bin/../lib/gcc/arm-none-eabi/13.3.1/thumb/v7e-m+fp/hard/libgcc.a
LOAD /opt/ST/STM32CubeCLT_1.19.0/GNU-tools-for-STM32/bin/../lib/gcc/arm-none-eabi/13.3.1/../../../../arm-none-eabi/lib/thumb/v7e-m+fp/hard/libg.a
LOAD /opt/ST/STM32CubeCLT_1.19.0/GNU-tools-for-STM32/bin/../lib/gcc/arm-none-eabi/13.3.1/../../../../arm-none-eabi/lib/thumb/v7e-m+fp/hard/libc.a
END GROUP

.text           0x08000000      0xb14
 *(.bootloader_section)
 *(.vectors)
 .vectors       0x08000000      0x1ac ../libopencm3/lib/libopencm3_stm32f4.a(vector.o)
                0x08000000                vector_table
                0x080001b0                        . = ALIGN (0x10)
 *fill*         0x080001ac        0x4 
 *(.firmware_info)
 *(.firmware_signature)
 *(.text*)
 .text.startup.main
                0x080001b0       0x90 src/firmware.o
                0x080001b0                main
 .text.sys_tick_handler
                0x08000240       0x18 src/core/system.o
                0x08000240                sys_tick_handler
 .text.system_get_ticks
                0x08000258        0xc src/core/system.o
                0x08000258                system_get_ticks
 .text.system_setup
                0x08000264       0x28 src/core/system.o
                0x08000264                system_setup
 .text.timer_setup
                0x0800028c       0x50 src/core/timer.o
                0x0800028c                timer_setup
 .text.timer_pwm_set_duty_cycle
                0x080002dc       0x2c src/core/timer.o
                0x080002dc                timer_pwm_set_duty_cycle
 .text.gpio_mode_setup
                0x08000308       0x40 ../libopencm3/lib/libopencm3_stm32f4.a(gpio_common_f0234.o)
                0x08000308                gpio_mode_setup
 .text.gpio_set_af
                0x08000348       0x58 ../libopencm3/lib/libopencm3_stm32f4.a(gpio_common_f0234.o)
                0x08000348                gpio_set_af
 .text.rcc_periph_clock_enable
                0x080003a0       0x1a ../libopencm3/lib/libopencm3_stm32f4.a(rcc_common_all.o)
                0x080003a0                rcc_periph_clock_enable
 *fill*         0x080003ba        0x2 
 .text.rcc_is_osc_ready
                0x080003bc       0x64 ../libopencm3/lib/libopencm3_stm32f4.a(rcc.o)
                0x080003bc                rcc_is_osc_ready
 .text.rcc_wait_for_osc_ready
                0x08000420       0x10 ../libopencm3/lib/libopencm3_stm32f4.a(rcc.o)
                0x08000420                rcc_wait_for_osc_ready
 .text.rcc_osc_on
                0x08000430       0x74 ../libopencm3/lib/libopencm3_stm32f4.a(rcc.o)
                0x08000430                rcc_osc_on
 .text.rcc_osc_off
                0x080004a4       0x74 ../libopencm3/lib/libopencm3_stm32f4.a(rcc.o)
                0x080004a4                rcc_osc_off
 .text.rcc_set_sysclk_source
                0x08000518       0x18 ../libopencm3/lib/libopencm3_stm32f4.a(rcc.o)
                0x08000518                rcc_set_sysclk_source
 .text.rcc_set_ppre2
                0x08000530       0x18 ../libopencm3/lib/libopencm3_stm32f4.a(rcc.o)
                0x08000530                rcc_set_ppre2
 .text.rcc_set_ppre1
                0x08000548       0x18 ../libopencm3/lib/libopencm3_stm32f4.a(rcc.o)
                0x08000548                rcc_set_ppre1
 .text.rcc_set_hpre
                0x08000560       0x18 ../libopencm3/lib/libopencm3_stm32f4.a(rcc.o)
                0x08000560                rcc_set_hpre
 .text.rcc_set_main_pll_hsi
                0x08000578       0x44 ../libopencm3/lib/libopencm3_stm32f4.a(rcc.o)
                0x08000578                rcc_set_main_pll_hsi
 .text.rcc_set_main_pll_hse
                0x080005bc       0x44 ../libopencm3/lib/libopencm3_stm32f4.a(rcc.o)
                0x080005bc                rcc_set_main_pll_hse
 .text.rcc_clock_setup_pll
                0x08000600       0xe4 ../libopencm3/lib/libopencm3_stm32f4.a(rcc.o)
                0x08000600                rcc_clock_setup_pll
 .text.timer_set_mode
                0x080006e4       0x12 ../libopencm3/lib/libopencm3_stm32f4.a(timer_common_all.o)
                0x080006e4                timer_set_mode
 .text.timer_enable_counter
                0x080006f6        0xa ../libopencm3/lib/libopencm3_stm32f4.a(timer_common_all.o)
                0x080006f6                timer_enable_counter
 .text.timer_set_prescaler
                0x08000700        0x4 ../libopencm3/lib/libopencm3_stm32f4.a(timer_common_all.o)
                0x08000700                timer_set_prescaler
 .text.timer_set_period
                0x08000704        0x4 ../libopencm3/lib/libopencm3_stm32f4.a(timer_common_all.o)
                0x08000704                timer_set_period
 .text.timer_set_oc1_mode
                0x08000708       0x62 ../libopencm3/lib/libopencm3_stm32f4.a(timer_common_all.o)
                0x08000708                timer_set_oc1_mode
 .text.timer_set_oc2_mode
                0x0800076a       0x62 ../libopencm3/lib/libopencm3_stm32f4.a(timer_common_all.o)
                0x0800076a                timer_set_oc2_mode
 .text.timer_set_oc3_mode
                0x080007cc       0x62 ../libopencm3/lib/libopencm3_stm32f4.a(timer_common_all.o)
                0x080007cc                timer_set_oc3_mode
 .text.timer_set_oc4_mode
                0x0800082e       0x62 ../libopencm3/lib/libopencm3_stm32f4.a(timer_common_all.o)
                0x0800082e                timer_set_oc4_mode
 .text.timer_set_oc_mode
                0x08000890       0x26 ../libopencm3/lib/libopencm3_stm32f4.a(timer_common_all.o)
                0x08000890                timer_set_oc_mode
 .text.timer_enable_oc_output
                0x080008b6       0x4a ../libopencm3/lib/libopencm3_stm32f4.a(timer_common_all.o)
                0x080008b6                timer_enable_oc_output
 .text.timer_set_oc_value
                0x08000900       0x20 ../libopencm3/lib/libopencm3_stm32f4.a(timer_common_all.o)
                0x08000900                timer_set_oc_value
 .text.blocking_handler
                0x08000920        0x2 ../libopencm3/lib/libopencm3_stm32f4.a(vector.o)
                0x08000920                exti0_isr
                0x08000920                tim8_brk_tim12_isr
                0x08000920                dma1_stream7_isr
                0x08000920                usart3_isr
                0x08000920                tim7_isr
                0x08000920                dma2d_isr
                0x08000920                uart8_isr
                0x08000920                dma1_stream2_isr
                0x08000920                otg_hs_isr
                0x08000920                blocking_handler
                0x08000920                tim5_isr
                0x08000920                rtc_wkup_isr
                0x08000920                otg_fs_isr
                0x08000920                spi1_isr
                0x08000920                i2c3_er_isr
                0x08000920                exti2_isr
                0x08000920                spi5_isr
                0x08000920                usb_fs_wkup_isr
                0x08000920                tamp_stamp_isr
                0x08000920                can1_rx1_isr
                0x08000920                dma2_stream0_isr
                0x08000920                usart1_isr
                0x08000920                i2c3_ev_isr
                0x08000920                usage_fault_handler
                0x08000920                can2_rx0_isr
                0x08000920                dma1_stream6_isr
                0x08000920                can2_rx1_isr
                0x08000920                can1_sce_isr
                0x08000920                tim1_cc_isr
                0x08000920                can1_tx_isr
                0x08000920                tim1_up_tim10_isr
                0x08000920                sdio_isr
                0x08000920                eth_isr
                0x08000920                spi6_isr
                0x08000920                dma2_stream5_isr
                0x08000920                pvd_isr
                0x08000920                can1_rx0_isr
                0x08000920                rcc_isr
                0x08000920                dma2_stream3_isr
                0x08000920                flash_isr
                0x08000920                uart4_isr
                0x08000920                lcd_tft_isr
                0x08000920                rtc_alarm_isr
                0x08000920                exti15_10_isr
                0x08000920                hash_rng_isr
                0x08000920                tim1_trg_com_tim11_isr
                0x08000920                hard_fault_handler
                0x08000920                exti1_isr
                0x08000920                i2c1_ev_isr
                0x08000920                usart6_isr
                0x08000920                spi2_isr
                0x08000920                cryp_isr
                0x08000920                nvic_wwdg_isr
                0x08000920                dma1_stream1_isr
                0x08000920                dma2_stream4_isr
                0x08000920                exti3_isr
                0x08000920                tim3_isr
                0x08000920                usart2_isr
                0x08000920                sai1_isr
                0x08000920                fpu_isr
                0x08000920                dma1_stream4_isr
                0x08000920                i2c2_er_isr
                0x08000920                i2c2_ev_isr
                0x08000920                uart5_isr
                0x08000920                dma2_stream6_isr
                0x08000920                spi4_isr
                0x08000920                adc_isr
                0x08000920                dma2_stream7_isr
                0x08000920                tim8_up_tim13_isr
                0x08000920                fsmc_isr
                0x08000920                exti4_isr
                0x08000920                tim6_dac_isr
                0x08000920                dma1_stream3_isr
                0x08000920                tim8_trg_com_tim14_isr
                0x08000920                mem_manage_handler
                0x08000920                lcd_tft_err_isr
                0x08000920                can2_tx_isr
                0x08000920                exti9_5_isr
                0x08000920                tim1_brk_tim9_isr
                0x08000920                uart7_isr
                0x08000920                can2_sce_isr
                0x08000920                tim4_isr
                0x08000920                otg_hs_wkup_isr
                0x08000920                i2c1_er_isr
                0x08000920                dma1_stream0_isr
                0x08000920                tim8_cc_isr
                0x08000920                dcmi_isr
                0x08000920                dma2_stream2_isr
                0x08000920                eth_wkup_isr
                0x08000920                bus_fault_handler
                0x08000920                otg_hs_ep1_out_isr
                0x08000920                spi3_isr
                0x08000920                dma1_stream5_isr
                0x08000920                otg_hs_ep1_in_isr
                0x08000920                tim2_isr
                0x08000920                dma2_stream1_isr
 .text.null_handler
                0x08000922        0x2 ../libopencm3/lib/libopencm3_stm32f4.a(vector.o)
                0x08000922                null_handler
                0x08000922                sv_call_handler
                0x08000922                pend_sv_handler
                0x08000922                debug_monitor_handler
                0x08000922                nmi_handler
 .text.reset_handler
                0x08000924       0xa0 ../libopencm3/lib/libopencm3_stm32f4.a(vector.o)
                0x08000924                reset_handler
 .text.systick_set_clocksource
                0x080009c4       0x14 ../libopencm3/lib/libopencm3_stm32f4.a(systick.o)
                0x080009c4                systick_set_clocksource
 .text.systick_set_frequency
                0x080009d8       0x38 ../libopencm3/lib/libopencm3_stm32f4.a(systick.o)
                0x080009d8                systick_set_frequency
 .text.systick_interrupt_enable
                0x08000a10        0xe ../libopencm3/lib/libopencm3_stm32f4.a(systick.o)
                0x08000a10                systick_interrupt_enable
 .text.systick_counter_enable
                0x08000a1e        0xe ../libopencm3/lib/libopencm3_stm32f4.a(systick.o)
                0x08000a1e                systick_counter_enable
 .text.flash_set_ws
                0x08000a2c       0x18 ../libopencm3/lib/libopencm3_stm32f4.a(flash_common_all.o)
                0x08000a2c                flash_set_ws
 .text.flash_dcache_enable
                0x08000a44       0x14 ../libopencm3/lib/libopencm3_stm32f4.a(flash_common_idcache.o)
                0x08000a44                flash_dcache_enable
 .text.flash_dcache_disable
                0x08000a58       0x14 ../libopencm3/lib/libopencm3_stm32f4.a(flash_common_idcache.o)
                0x08000a58                flash_dcache_disable
 .text.flash_icache_enable
                0x08000a6c       0x14 ../libopencm3/lib/libopencm3_stm32f4.a(flash_common_idcache.o)
                0x08000a6c                flash_icache_enable
 .text.flash_icache_disable
                0x08000a80       0x14 ../libopencm3/lib/libopencm3_stm32f4.a(flash_common_idcache.o)
                0x08000a80                flash_icache_disable
 .text.pwr_set_vos_scale
                0x08000a94       0x10 ../libopencm3/lib/libopencm3_stm32f4.a(pwr.o)
                0x08000a94                pwr_set_vos_scale
                0x08000aa4                        . = ALIGN (0x4)
 *(.rodata*)
 .rodata.rcc_hsi_configs
                0x08000aa4       0x70 ../libopencm3/lib/libopencm3_stm32f4.a(rcc.o)
                0x08000aa4                rcc_hsi_configs
                0x08000b14                        . = ALIGN (0x4)

.glue_7         0x08000b14        0x0
 .glue_7        0x08000b14        0x0 linker stubs

.glue_7t        0x08000b14        0x0
 .glue_7t       0x08000b14        0x0 linker stubs

.vfp11_veneer   0x08000b14        0x0
 .vfp11_veneer  0x08000b14        0x0 linker stubs

.v4_bx          0x08000b14        0x0
 .v4_bx         0x08000b14        0x0 linker stubs

.iplt           0x08000b14        0x0
 .iplt          0x08000b14        0x0 src/firmware.o

.rel.dyn        0x08000b14        0x0
 .rel.iplt      0x08000b14        0x0 src/firmware.o

.preinit_array  0x08000b14        0x0
                0x08000b14                        . = ALIGN (0x4)
                0x08000b14                        __preinit_array_start = .
 *(.preinit_array)
                0x08000b14                        __preinit_array_end = .

.init_array     0x08000b14        0x0
                0x08000b14                        . = ALIGN (0x4)
                0x08000b14                        __init_array_start = .
 *(SORT_BY_NAME(.init_array.*))
 *(.init_array)
                0x08000b14                        __init_array_end = .

.fini_array     0x08000b14        0x0
                0x08000b14                        . = ALIGN (0x4)
                0x08000b14                        __fini_array_start = .
 *(.fini_array)
 *(SORT_BY_NAME(.fini_array.*))
                0x08000b14                        __fini_array_end = .

.ARM.extab
 *(.ARM.extab*)

.ARM.exidx      0x08000b14        0x0
                0x08000b14                        __exidx_start = .
 *(.ARM.exidx*)
                0x08000b14                        __exidx_end = .
                0x08000b14                        . = ALIGN (0x4)
                0x08000b14                        _etext = .

.noinit
 *(.noinit*)
                0x08000b14                        . = ALIGN (0x4)

.data           0x20000000        0xc load address 0x08000b14
                0x20000000                        _data = .
 *(.data*)
 .data.rcc_apb2_frequency
                0x20000000        0x4 ../libopencm3/lib/libopencm3_stm32f4.a(rcc.o)
                0x20000000                rcc_apb2_frequency
 .data.rcc_apb1_frequency
                0x20000004        0x4 ../libopencm3/lib/libopencm3_stm32f4.a(rcc.o)
                0x20000004                rcc_apb1_frequency
 .data.rcc_ahb_frequency
                0x20000008        0x4 ../libopencm3/lib/libopencm3_stm32f4.a(rcc.o)
                0x20000008                rcc_ahb_frequency
 *(.ramtext*)
                0x2000000c                        . = ALIGN (0x4)
                0x2000000c                        _edata = .
                0x08000b14                        _data_loadaddr = LOADADDR (.data)

.igot.plt       0x2000000c        0x0 load address 0x08000b20
 .igot.plt      0x2000000c        0x0 src/firmware.o

.bss            0x20000010        0x8 load address 0x08000b20
 *(.bss*)
 .bss.ticks     0x20000010        0x8 src/core/system.o
 *(COMMON)
                0x20000018                        . = ALIGN (0x4)
                0x20000018                        _ebss = .

/DISCARD/
 *(.eh_frame)
                0x20000018                        . = ALIGN (0x4)
                0x20000018                        end = .
                0x20020000                        PROVIDE (_stack = (ORIGIN (ram) + LENGTH (ram)))
OUTPUT(firmware.elf elf32-littlearm)
LOAD linker stubs

.debug_info     0x00000000     0x453b
 .debug_info    0x00000000      0x6ac src/firmware.o
 .debug_info    0x000006ac      0x31e src/core/system.o
 .debug_info    0x000009ca      0x755 src/core/timer.o
 .debug_info    0x0000111f      0x21b ../libopencm3/lib/libopencm3_stm32f4.a(gpio_common_f0234.o)
 .debug_info    0x0000133a      0x932 ../libopencm3/lib/libopencm3_stm32f4.a(rcc_common_all.o)
 .debug_info    0x00001c6c      0xfa1 ../libopencm3/lib/libopencm3_stm32f4.a(rcc.o)
 .debug_info    0x00002c0d     0x1104 ../libopencm3/lib/libopencm3_stm32f4.a(timer_common_all.o)
 .debug_info    0x00003d11      0x2d9 ../libopencm3/lib/libopencm3_stm32f4.a(vector.o)
 .debug_info    0x00003fea      0x28f ../libopencm3/lib/libopencm3_stm32f4.a(systick.o)
 .debug_info    0x00004279       0xf6 ../libopencm3/lib/libopencm3_stm32f4.a(flash_common_all.o)
 .debug_info    0x0000436f       0xe9 ../libopencm3/lib/libopencm3_stm32f4.a(flash_common_idcache.o)
 .debug_info    0x00004458       0xe3 ../libopencm3/lib/libopencm3_stm32f4.a(pwr.o)

.debug_abbrev   0x00000000      0xf3a
 .debug_abbrev  0x00000000      0x135 src/firmware.o
 .debug_abbrev  0x00000135      0x1dc src/core/system.o
 .debug_abbrev  0x00000311      0x11a src/core/timer.o
 .debug_abbrev  0x0000042b       0xc2 ../libopencm3/lib/libopencm3_stm32f4.a(gpio_common_f0234.o)
 .debug_abbrev  0x000004ed      0x185 ../libopencm3/lib/libopencm3_stm32f4.a(rcc_common_all.o)
 .debug_abbrev  0x00000672      0x2da ../libopencm3/lib/libopencm3_stm32f4.a(rcc.o)
 .debug_abbrev  0x0000094c      0x1b7 ../libopencm3/lib/libopencm3_stm32f4.a(timer_common_all.o)
 .debug_abbrev  0x00000b03      0x15f ../libopencm3/lib/libopencm3_stm32f4.a(vector.o)
 .debug_abbrev  0x00000c62      0x14e ../libopencm3/lib/libopencm3_stm32f4.a(systick.o)
 .debug_abbrev  0x00000db0       0x9d ../libopencm3/lib/libopencm3_stm32f4.a(flash_common_all.o)
 .debug_abbrev  0x00000e4d       0x56 ../libopencm3/lib/libopencm3_stm32f4.a(flash_common_idcache.o)
 .debug_abbrev  0x00000ea3       0x97 ../libopencm3/lib/libopencm3_stm32f4.a(pwr.o)

.debug_loclists
                0x00000000      0xc24
 .debug_loclists
                0x00000000       0x50 src/firmware.o
 .debug_loclists
                0x00000050       0x84 src/core/timer.o
 .debug_loclists
                0x000000d4       0xf9 ../libopencm3/lib/libopencm3_stm32f4.a(gpio_common_f0234.o)
 .debug_loclists
                0x000001cd       0x87 ../libopencm3/lib/libopencm3_stm32f4.a(rcc_common_all.o)
 .debug_loclists
                0x00000254      0x52f ../libopencm3/lib/libopencm3_stm32f4.a(rcc.o)
 .debug_loclists
                0x00000783      0x20d ../libopencm3/lib/libopencm3_stm32f4.a(timer_common_all.o)
 .debug_loclists
                0x00000990       0xb6 ../libopencm3/lib/libopencm3_stm32f4.a(vector.o)
 .debug_loclists
                0x00000a46      0x192 ../libopencm3/lib/libopencm3_stm32f4.a(systick.o)
 .debug_loclists
                0x00000bd8       0x25 ../libopencm3/lib/libopencm3_stm32f4.a(flash_common_all.o)
 .debug_loclists
                0x00000bfd       0x27 ../libopencm3/lib/libopencm3_stm32f4.a(pwr.o)

.debug_aranges  0x00000000      0x618
 .debug_aranges
                0x00000000       0x20 src/firmware.o
 .debug_aranges
                0x00000020       0x30 src/core/system.o
 .debug_aranges
                0x00000050       0x28 src/core/timer.o
 .debug_aranges
                0x00000078       0x30 ../libopencm3/lib/libopencm3_stm32f4.a(gpio_common_f0234.o)
 .debug_aranges
                0x000000a8       0x80 ../libopencm3/lib/libopencm3_stm32f4.a(rcc_common_all.o)
 .debug_aranges
                0x00000128      0x110 ../libopencm3/lib/libopencm3_stm32f4.a(rcc.o)
 .debug_aranges
                0x00000238      0x298 ../libopencm3/lib/libopencm3_stm32f4.a(timer_common_all.o)
 .debug_aranges
                0x000004d0       0x30 ../libopencm3/lib/libopencm3_stm32f4.a(vector.o)
 .debug_aranges
                0x00000500       0x78 ../libopencm3/lib/libopencm3_stm32f4.a(systick.o)
 .debug_aranges
                0x00000578       0x38 ../libopencm3/lib/libopencm3_stm32f4.a(flash_common_all.o)
 .debug_aranges
                0x000005b0       0x48 ../libopencm3/lib/libopencm3_stm32f4.a(flash_common_idcache.o)
 .debug_aranges
                0x000005f8       0x20 ../libopencm3/lib/libopencm3_stm32f4.a(pwr.o)

.debug_rnglists
                0x00000000      0x4a1
 .debug_rnglists
                0x00000000       0x20 src/firmware.o
 .debug_rnglists
                0x00000020       0x37 src/core/system.o
 .debug_rnglists
                0x00000057       0x19 src/core/timer.o
 .debug_rnglists
                0x00000070       0x1f ../libopencm3/lib/libopencm3_stm32f4.a(gpio_common_f0234.o)
 .debug_rnglists
                0x0000008f       0x5b ../libopencm3/lib/libopencm3_stm32f4.a(rcc_common_all.o)
 .debug_rnglists
                0x000000ea       0xe0 ../libopencm3/lib/libopencm3_stm32f4.a(rcc.o)
 .debug_rnglists
                0x000001ca      0x1ed ../libopencm3/lib/libopencm3_stm32f4.a(timer_common_all.o)
 .debug_rnglists
                0x000003b7       0x20 ../libopencm3/lib/libopencm3_stm32f4.a(vector.o)
 .debug_rnglists
                0x000003d7       0x61 ../libopencm3/lib/libopencm3_stm32f4.a(systick.o)
 .debug_rnglists
                0x00000438       0x25 ../libopencm3/lib/libopencm3_stm32f4.a(flash_common_all.o)
 .debug_rnglists
                0x0000045d       0x31 ../libopencm3/lib/libopencm3_stm32f4.a(flash_common_idcache.o)
 .debug_rnglists
                0x0000048e       0x13 ../libopencm3/lib/libopencm3_stm32f4.a(pwr.o)

.debug_macro    0x00000000     0x5be9
 .debug_macro   0x00000000      0x126 src/firmware.o
 .debug_macro   0x00000126      0xacc src/firmware.o
 .debug_macro   0x00000bf2       0x1c src/firmware.o
 .debug_macro   0x00000c0e       0x22 src/firmware.o
 .debug_macro   0x00000c30       0x56 src/firmware.o
 .debug_macro   0x00000c86       0x51 src/firmware.o
 .debug_macro   0x00000cd7      0x103 src/firmware.o
 .debug_macro   0x00000dda       0x6a src/firmware.o
 .debug_macro   0x00000e44      0x1df src/firmware.o
 .debug_macro   0x00001023       0x22 src/firmware.o
 .debug_macro   0x00001045       0xe8 src/firmware.o
 .debug_macro   0x0000112d       0x76 src/firmware.o
 .debug_macro   0x000011a3      0x280 src/firmware.o
 .debug_macro   0x00001423       0x8e src/firmware.o
 .debug_macro   0x000014b1       0x46 src/firmware.o
 .debug_macro   0x000014f7      0xcea src/firmware.o
 .debug_macro   0x000021e1       0x76 src/firmware.o
 .debug_macro   0x00002257      0x37e src/firmware.o
 .debug_macro   0x000025d5       0xca src/firmware.o
 .debug_macro   0x0000269f       0x10 src/firmware.o
 .debug_macro   0x000026af      0x114 src/core/system.o
 .debug_macro   0x000027c3      0x100 src/core/system.o
 .debug_macro   0x000028c3       0x69 src/core/system.o
 .debug_macro   0x0000292c       0x6e src/core/system.o
 .debug_macro   0x0000299a      0x22c src/core/system.o
 .debug_macro   0x00002bc6      0x286 src/core/system.o
 .debug_macro   0x00002e4c       0xf8 src/core/timer.o
 .debug_macro   0x00002f44      0xf4f src/core/timer.o
 .debug_macro   0x00003e93       0x52 src/core/timer.o
 .debug_macro   0x00003ee5       0xd1 ../libopencm3/lib/libopencm3_stm32f4.a(gpio_common_f0234.o)
 .debug_macro   0x00003fb6       0xf0 ../libopencm3/lib/libopencm3_stm32f4.a(rcc_common_all.o)
 .debug_macro   0x000040a6      0x124 ../libopencm3/lib/libopencm3_stm32f4.a(rcc.o)
 .debug_macro   0x000041ca       0x16 ../libopencm3/lib/libopencm3_stm32f4.a(rcc.o)
 .debug_macro   0x000041e0       0x1c ../libopencm3/lib/libopencm3_stm32f4.a(rcc.o)
 .debug_macro   0x000041fc      0x143 ../libopencm3/lib/libopencm3_stm32f4.a(rcc.o)
 .debug_macro   0x0000433f       0x10 ../libopencm3/lib/libopencm3_stm32f4.a(rcc.o)
 .debug_macro   0x0000434f       0xf0 ../libopencm3/lib/libopencm3_stm32f4.a(timer_common_all.o)
 .debug_macro   0x0000443f      0xf7f ../libopencm3/lib/libopencm3_stm32f4.a(timer_common_all.o)
 .debug_macro   0x000053be       0xd3 ../libopencm3/lib/libopencm3_stm32f4.a(vector.o)
 .debug_macro   0x00005491      0x460 ../libopencm3/lib/libopencm3_stm32f4.a(vector.o)
 .debug_macro   0x000058f1       0x92 ../libopencm3/lib/libopencm3_stm32f4.a(systick.o)
 .debug_macro   0x00005983       0xd7 ../libopencm3/lib/libopencm3_stm32f4.a(flash_common_all.o)
 .debug_macro   0x00005a5a       0xd7 ../libopencm3/lib/libopencm3_stm32f4.a(flash_common_idcache.o)
 .debug_macro   0x00005b31       0xb8 ../libopencm3/lib/libopencm3_stm32f4.a(pwr.o)

.debug_line     0x00000000     0x440f
 .debug_line    0x00000000      0x3fb src/firmware.o
 .debug_line    0x000003fb      0x3fc src/core/system.o
 .debug_line    0x000007f7      0x391 src/core/timer.o
 .debug_line    0x00000b88      0x4e7 ../libopencm3/lib/libopencm3_stm32f4.a(gpio_common_f0234.o)
 .debug_line    0x0000106f      0x4aa ../libopencm3/lib/libopencm3_stm32f4.a(rcc_common_all.o)
 .debug_line    0x00001519      0xb13 ../libopencm3/lib/libopencm3_stm32f4.a(rcc.o)
 .debug_line    0x0000202c     0x1180 ../libopencm3/lib/libopencm3_stm32f4.a(timer_common_all.o)
 .debug_line    0x000031ac      0x440 ../libopencm3/lib/libopencm3_stm32f4.a(vector.o)
 .debug_line    0x000035ec      0x3d4 ../libopencm3/lib/libopencm3_stm32f4.a(systick.o)
 .debug_line    0x000039c0      0x3a1 ../libopencm3/lib/libopencm3_stm32f4.a(flash_common_all.o)
 .debug_line    0x00003d61      0x3c5 ../libopencm3/lib/libopencm3_stm32f4.a(flash_common_idcache.o)
 .debug_line    0x00004126      0x2e9 ../libopencm3/lib/libopencm3_stm32f4.a(pwr.o)

.debug_str      0x00000000    0x13bb0
 .debug_str     0x00000000    0x13bb0 src/firmware.o
                               0xab52 (size before relaxing)
 .debug_str     0x00013bb0     0x9f38 src/core/system.o
 .debug_str     0x00013bb0     0xd9fa src/core/timer.o
 .debug_str     0x00013bb0     0x67b3 ../libopencm3/lib/libopencm3_stm32f4.a(gpio_common_f0234.o)
 .debug_str     0x00013bb0     0x9b50 ../libopencm3/lib/libopencm3_stm32f4.a(rcc_common_all.o)
 .debug_str     0x00013bb0     0xa3e6 ../libopencm3/lib/libopencm3_stm32f4.a(rcc.o)
 .debug_str     0x00013bb0     0xde94 ../libopencm3/lib/libopencm3_stm32f4.a(timer_common_all.o)
 .debug_str     0x00013bb0     0x70a5 ../libopencm3/lib/libopencm3_stm32f4.a(vector.o)
 .debug_str     0x00013bb0     0x46be ../libopencm3/lib/libopencm3_stm32f4.a(systick.o)
 .debug_str     0x00013bb0     0x5b09 ../libopencm3/lib/libopencm3_stm32f4.a(flash_common_all.o)
 .debug_str     0x00013bb0     0x5b2b ../libopencm3/lib/libopencm3_stm32f4.a(flash_common_idcache.o)
 .debug_str     0x00013bb0     0x5764 ../libopencm3/lib/libopencm3_stm32f4.a(pwr.o)

.comment        0x00000000       0x43
 .comment       0x00000000       0x43 src/firmware.o
                                 0x44 (size before relaxing)
 .comment       0x00000043       0x44 src/core/system.o
 .comment       0x00000043       0x44 src/core/timer.o
 .comment       0x00000043       0x44 ../libopencm3/lib/libopencm3_stm32f4.a(gpio_common_f0234.o)
 .comment       0x00000043       0x44 ../libopencm3/lib/libopencm3_stm32f4.a(rcc_common_all.o)
 .comment       0x00000043       0x44 ../libopencm3/lib/libopencm3_stm32f4.a(rcc.o)
 .comment       0x00000043       0x44 ../libopencm3/lib/libopencm3_stm32f4.a(timer_common_all.o)
 .comment       0x00000043       0x44 ../libopencm3/lib/libopencm3_stm32f4.a(vector.o)
 .comment       0x00000043       0x44 ../libopencm3/lib/libopencm3_stm32f4.a(systick.o)
 .comment       0x00000043       0x44 ../libopencm3/lib/libopencm3_stm32f4.a(flash_common_all.o)
 .comment       0x00000043       0x44 ../libopencm3/lib/libopencm3_stm32f4.a(flash_common_idcache.o)
 .comment       0x00000043       0x44 ../libopencm3/lib/libopencm3_stm32f4.a(pwr.o)

.ARM.attributes
                0x00000000       0x34
 .ARM.attributes
                0x00000000       0x34 src/firmware.o
 .ARM.attributes
                0x00000034       0x34 src/core/system.o
 .ARM.attributes
                0x00000068       0x34 src/core/timer.o
 .ARM.attributes
                0x0000009c       0x34 ../libopencm3/lib/libopencm3_stm32f4.a(gpio_common_f0234.o)
 .ARM.attributes
                0x000000d0       0x34 ../libopencm3/lib/libopencm3_stm32f4.a(rcc_common_all.o)
 .ARM.attributes
                0x00000104       0x34 ../libopencm3/lib/libopencm3_stm32f4.a(rcc.o)
 .ARM.attributes
                0x00000138       0x34 ../libopencm3/lib/libopencm3_stm32f4.a(timer_common_all.o)
 .ARM.attributes
                0x0000016c       0x34 ../libopencm3/lib/libopencm3_stm32f4.a(vector.o)
 .ARM.attributes
                0x000001a0       0x34 ../libopencm3/lib/libopencm3_stm32f4.a(systick.o)
 .ARM.attributes
                0x000001d4       0x34 ../libopencm3/lib/libopencm3_stm32f4.a(flash_common_all.o)
 .ARM.attributes
                0x00000208       0x34 ../libopencm3/lib/libopencm3_stm32f4.a(flash_common_idcache.o)
 .ARM.attributes
                0x0000023c       0x34 ../libopencm3/lib/libopencm3_stm32f4.a(pwr.o)

.debug_frame    0x00000000      0xb6c
 .debug_frame   0x00000000       0x3c src/firmware.o
 .debug_frame   0x0000003c       0x54 src/core/system.o
 .debug_frame   0x00000090       0x3c src/core/timer.o
 .debug_frame   0x000000cc       0x70 ../libopencm3/lib/libopencm3_stm32f4.a(gpio_common_f0234.o)
 .debug_frame   0x0000013c       0xe0 ../libopencm3/lib/libopencm3_stm32f4.a(rcc_common_all.o)
 .debug_frame   0x0000021c      0x234 ../libopencm3/lib/libopencm3_stm32f4.a(rcc.o)
 .debug_frame   0x00000450      0x518 ../libopencm3/lib/libopencm3_stm32f4.a(timer_common_all.o)
 .debug_frame   0x00000968       0x4c ../libopencm3/lib/libopencm3_stm32f4.a(vector.o)
 .debug_frame   0x000009b4       0xd8 ../libopencm3/lib/libopencm3_stm32f4.a(systick.o)
 .debug_frame   0x00000a8c       0x50 ../libopencm3/lib/libopencm3_stm32f4.a(flash_common_all.o)
 .debug_frame   0x00000adc       0x70 ../libopencm3/lib/libopencm3_stm32f4.a(flash_common_idcache.o)
 .debug_frame   0x00000b4c       0x20 ../libopencm3/lib/libopencm3_stm32f4.a(pwr.o)

Cross Reference Table

Symbol                                            File
__fini_array_end                                  ../libopencm3/lib/libopencm3_stm32f4.a(vector.o)
__fini_array_start                                ../libopencm3/lib/libopencm3_stm32f4.a(vector.o)
__init_array_end                                  ../libopencm3/lib/libopencm3_stm32f4.a(vector.o)
__init_array_start                                ../libopencm3/lib/libopencm3_stm32f4.a(vector.o)
__preinit_array_end                               ../libopencm3/lib/libopencm3_stm32f4.a(vector.o)
__preinit_array_start                             ../libopencm3/lib/libopencm3_stm32f4.a(vector.o)
_data                                             ../libopencm3/lib/libopencm3_stm32f4.a(vector.o)
_data_loadaddr                                    ../libopencm3/lib/libopencm3_stm32f4.a(vector.o)
_ebss                                             ../libopencm3/lib/libopencm3_stm32f4.a(vector.o)
_edata                                            ../libopencm3/lib/libopencm3_stm32f4.a(vector.o)
_stack                                            ../libopencm3/lib/libopencm3_stm32f4.a(vector.o)
adc_isr                                           ../libopencm3/lib/libopencm3_stm32f4.a(vector.o)
blocking_handler                                  ../libopencm3/lib/libopencm3_stm32f4.a(vector.o)
bus_fault_handler                                 ../libopencm3/lib/libopencm3_stm32f4.a(vector.o)
can1_rx0_isr                                      ../libopencm3/lib/libopencm3_stm32f4.a(vector.o)
can1_rx1_isr                                      ../libopencm3/lib/libopencm3_stm32f4.a(vector.o)
can1_sce_isr                                      ../libopencm3/lib/libopencm3_stm32f4.a(vector.o)
can1_tx_isr                                       ../libopencm3/lib/libopencm3_stm32f4.a(vector.o)
can2_rx0_isr                                      ../libopencm3/lib/libopencm3_stm32f4.a(vector.o)
can2_rx1_isr                                      ../libopencm3/lib/libopencm3_stm32f4.a(vector.o)
can2_sce_isr                                      ../libopencm3/lib/libopencm3_stm32f4.a(vector.o)
can2_tx_isr                                       ../libopencm3/lib/libopencm3_stm32f4.a(vector.o)
cryp_isr                                          ../libopencm3/lib/libopencm3_stm32f4.a(vector.o)
dcmi_isr                                          ../libopencm3/lib/libopencm3_stm32f4.a(vector.o)
debug_monitor_handler                             ../libopencm3/lib/libopencm3_stm32f4.a(vector.o)
dma1_stream0_isr                                  ../libopencm3/lib/libopencm3_stm32f4.a(vector.o)
dma1_stream1_isr                                  ../libopencm3/lib/libopencm3_stm32f4.a(vector.o)
dma1_stream2_isr                                  ../libopencm3/lib/libopencm3_stm32f4.a(vector.o)
dma1_stream3_isr                                  ../libopencm3/lib/libopencm3_stm32f4.a(vector.o)
dma1_stream4_isr                                  ../libopencm3/lib/libopencm3_stm32f4.a(vector.o)
dma1_stream5_isr                                  ../libopencm3/lib/libopencm3_stm32f4.a(vector.o)
dma1_stream6_isr                                  ../libopencm3/lib/libopencm3_stm32f4.a(vector.o)
dma1_stream7_isr                                  ../libopencm3/lib/libopencm3_stm32f4.a(vector.o)
dma2_stream0_isr                                  ../libopencm3/lib/libopencm3_stm32f4.a(vector.o)
dma2_stream1_isr                                  ../libopencm3/lib/libopencm3_stm32f4.a(vector.o)
dma2_stream2_isr                                  ../libopencm3/lib/libopencm3_stm32f4.a(vector.o)
dma2_stream3_isr                                  ../libopencm3/lib/libopencm3_stm32f4.a(vector.o)
dma2_stream4_isr                                  ../libopencm3/lib/libopencm3_stm32f4.a(vector.o)
dma2_stream5_isr                                  ../libopencm3/lib/libopencm3_stm32f4.a(vector.o)
dma2_stream6_isr                                  ../libopencm3/lib/libopencm3_stm32f4.a(vector.o)
dma2_stream7_isr                                  ../libopencm3/lib/libopencm3_stm32f4.a(vector.o)
dma2d_isr                                         ../libopencm3/lib/libopencm3_stm32f4.a(vector.o)
eth_isr                                           ../libopencm3/lib/libopencm3_stm32f4.a(vector.o)
eth_wkup_isr                                      ../libopencm3/lib/libopencm3_stm32f4.a(vector.o)
exti0_isr                                         ../libopencm3/lib/libopencm3_stm32f4.a(vector.o)
exti15_10_isr                                     ../libopencm3/lib/libopencm3_stm32f4.a(vector.o)
exti1_isr                                         ../libopencm3/lib/libopencm3_stm32f4.a(vector.o)
exti2_isr                                         ../libopencm3/lib/libopencm3_stm32f4.a(vector.o)
exti3_isr                                         ../libopencm3/lib/libopencm3_stm32f4.a(vector.o)
exti4_isr                                         ../libopencm3/lib/libopencm3_stm32f4.a(vector.o)
exti9_5_isr                                       ../libopencm3/lib/libopencm3_stm32f4.a(vector.o)
flash_dcache_disable                              ../libopencm3/lib/libopencm3_stm32f4.a(flash_common_idcache.o)
                                                  ../libopencm3/lib/libopencm3_stm32f4.a(rcc.o)
flash_dcache_enable                               ../libopencm3/lib/libopencm3_stm32f4.a(flash_common_idcache.o)
                                                  ../libopencm3/lib/libopencm3_stm32f4.a(rcc.o)
flash_dcache_reset                                ../libopencm3/lib/libopencm3_stm32f4.a(flash_common_idcache.o)
flash_icache_disable                              ../libopencm3/lib/libopencm3_stm32f4.a(flash_common_idcache.o)
                                                  ../libopencm3/lib/libopencm3_stm32f4.a(rcc.o)
flash_icache_enable                               ../libopencm3/lib/libopencm3_stm32f4.a(flash_common_idcache.o)
                                                  ../libopencm3/lib/libopencm3_stm32f4.a(rcc.o)
flash_icache_reset                                ../libopencm3/lib/libopencm3_stm32f4.a(flash_common_idcache.o)
flash_isr                                         ../libopencm3/lib/libopencm3_stm32f4.a(vector.o)
flash_prefetch_disable                            ../libopencm3/lib/libopencm3_stm32f4.a(flash_common_all.o)
flash_prefetch_enable                             ../libopencm3/lib/libopencm3_stm32f4.a(flash_common_all.o)
flash_set_ws                                      ../libopencm3/lib/libopencm3_stm32f4.a(flash_common_all.o)
                                                  ../libopencm3/lib/libopencm3_stm32f4.a(rcc.o)
flash_unlock_option_bytes                         ../libopencm3/lib/libopencm3_stm32f4.a(flash_common_all.o)
fpu_isr                                           ../libopencm3/lib/libopencm3_stm32f4.a(vector.o)
fsmc_isr                                          ../libopencm3/lib/libopencm3_stm32f4.a(vector.o)
gpio_mode_setup                                   ../libopencm3/lib/libopencm3_stm32f4.a(gpio_common_f0234.o)
                                                  src/firmware.o
gpio_set_af                                       ../libopencm3/lib/libopencm3_stm32f4.a(gpio_common_f0234.o)
                                                  src/firmware.o
gpio_set_output_options                           ../libopencm3/lib/libopencm3_stm32f4.a(gpio_common_f0234.o)
hard_fault_handler                                ../libopencm3/lib/libopencm3_stm32f4.a(vector.o)
hash_rng_isr                                      ../libopencm3/lib/libopencm3_stm32f4.a(vector.o)
i2c1_er_isr                                       ../libopencm3/lib/libopencm3_stm32f4.a(vector.o)
i2c1_ev_isr                                       ../libopencm3/lib/libopencm3_stm32f4.a(vector.o)
i2c2_er_isr                                       ../libopencm3/lib/libopencm3_stm32f4.a(vector.o)
i2c2_ev_isr                                       ../libopencm3/lib/libopencm3_stm32f4.a(vector.o)
i2c3_er_isr                                       ../libopencm3/lib/libopencm3_stm32f4.a(vector.o)
i2c3_ev_isr                                       ../libopencm3/lib/libopencm3_stm32f4.a(vector.o)
lcd_tft_err_isr                                   ../libopencm3/lib/libopencm3_stm32f4.a(vector.o)
lcd_tft_isr                                       ../libopencm3/lib/libopencm3_stm32f4.a(vector.o)
main                                              src/firmware.o
                                                  ../libopencm3/lib/libopencm3_stm32f4.a(vector.o)
mem_manage_handler                                ../libopencm3/lib/libopencm3_stm32f4.a(vector.o)
nmi_handler                                       ../libopencm3/lib/libopencm3_stm32f4.a(vector.o)
null_handler                                      ../libopencm3/lib/libopencm3_stm32f4.a(vector.o)
nvic_wwdg_isr                                     ../libopencm3/lib/libopencm3_stm32f4.a(vector.o)
otg_fs_isr                                        ../libopencm3/lib/libopencm3_stm32f4.a(vector.o)
otg_hs_ep1_in_isr                                 ../libopencm3/lib/libopencm3_stm32f4.a(vector.o)
otg_hs_ep1_out_isr                                ../libopencm3/lib/libopencm3_stm32f4.a(vector.o)
otg_hs_isr                                        ../libopencm3/lib/libopencm3_stm32f4.a(vector.o)
otg_hs_wkup_isr                                   ../libopencm3/lib/libopencm3_stm32f4.a(vector.o)
pend_sv_handler                                   ../libopencm3/lib/libopencm3_stm32f4.a(vector.o)
pvd_isr                                           ../libopencm3/lib/libopencm3_stm32f4.a(vector.o)
pwr_set_vos_scale                                 ../libopencm3/lib/libopencm3_stm32f4.a(pwr.o)
                                                  ../libopencm3/lib/libopencm3_stm32f4.a(rcc.o)
rcc_ahb_frequency                                 ../libopencm3/lib/libopencm3_stm32f4.a(rcc.o)
rcc_apb1_frequency                                ../libopencm3/lib/libopencm3_stm32f4.a(rcc.o)
rcc_apb2_frequency                                ../libopencm3/lib/libopencm3_stm32f4.a(rcc.o)
rcc_clock_setup_hse_3v3                           ../libopencm3/lib/libopencm3_stm32f4.a(rcc.o)
rcc_clock_setup_pll                               ../libopencm3/lib/libopencm3_stm32f4.a(rcc.o)
                                                  src/core/system.o
rcc_css_disable                                   ../libopencm3/lib/libopencm3_stm32f4.a(rcc.o)
rcc_css_enable                                    ../libopencm3/lib/libopencm3_stm32f4.a(rcc.o)
rcc_css_int_clear                                 ../libopencm3/lib/libopencm3_stm32f4.a(rcc.o)
rcc_css_int_flag                                  ../libopencm3/lib/libopencm3_stm32f4.a(rcc.o)
rcc_get_div_from_hpre                             ../libopencm3/lib/libopencm3_stm32f4.a(rcc_common_all.o)
rcc_get_i2c_clk_freq                              ../libopencm3/lib/libopencm3_stm32f4.a(rcc.o)
rcc_get_spi_clk_freq                              ../libopencm3/lib/libopencm3_stm32f4.a(rcc.o)
rcc_get_timer_clk_freq                            ../libopencm3/lib/libopencm3_stm32f4.a(rcc.o)
rcc_get_usart_clk_freq                            ../libopencm3/lib/libopencm3_stm32f4.a(rcc.o)
rcc_hse_12mhz_3v3                                 ../libopencm3/lib/libopencm3_stm32f4.a(rcc.o)
rcc_hse_16mhz_3v3                                 ../libopencm3/lib/libopencm3_stm32f4.a(rcc.o)
rcc_hse_25mhz_3v3                                 ../libopencm3/lib/libopencm3_stm32f4.a(rcc.o)
rcc_hse_8mhz_3v3                                  ../libopencm3/lib/libopencm3_stm32f4.a(rcc.o)
rcc_hsi_configs                                   ../libopencm3/lib/libopencm3_stm32f4.a(rcc.o)
                                                  src/core/system.o
rcc_is_osc_ready                                  ../libopencm3/lib/libopencm3_stm32f4.a(rcc.o)
rcc_isr                                           ../libopencm3/lib/libopencm3_stm32f4.a(vector.o)
rcc_osc_bypass_disable                            ../libopencm3/lib/libopencm3_stm32f4.a(rcc_common_all.o)
rcc_osc_bypass_enable                             ../libopencm3/lib/libopencm3_stm32f4.a(rcc_common_all.o)
rcc_osc_off                                       ../libopencm3/lib/libopencm3_stm32f4.a(rcc.o)
rcc_osc_on                                        ../libopencm3/lib/libopencm3_stm32f4.a(rcc.o)
rcc_osc_ready_int_clear                           ../libopencm3/lib/libopencm3_stm32f4.a(rcc.o)
rcc_osc_ready_int_disable                         ../libopencm3/lib/libopencm3_stm32f4.a(rcc.o)
rcc_osc_ready_int_enable                          ../libopencm3/lib/libopencm3_stm32f4.a(rcc.o)
rcc_osc_ready_int_flag                            ../libopencm3/lib/libopencm3_stm32f4.a(rcc.o)
rcc_periph_clock_disable                          ../libopencm3/lib/libopencm3_stm32f4.a(rcc_common_all.o)
rcc_periph_clock_enable                           ../libopencm3/lib/libopencm3_stm32f4.a(rcc_common_all.o)
                                                  ../libopencm3/lib/libopencm3_stm32f4.a(rcc.o)
                                                  src/core/timer.o
                                                  src/firmware.o
rcc_periph_reset_hold                             ../libopencm3/lib/libopencm3_stm32f4.a(rcc_common_all.o)
rcc_periph_reset_pulse                            ../libopencm3/lib/libopencm3_stm32f4.a(rcc_common_all.o)
rcc_periph_reset_release                          ../libopencm3/lib/libopencm3_stm32f4.a(rcc_common_all.o)
rcc_peripheral_clear_reset                        ../libopencm3/lib/libopencm3_stm32f4.a(rcc_common_all.o)
rcc_peripheral_disable_clock                      ../libopencm3/lib/libopencm3_stm32f4.a(rcc_common_all.o)
rcc_peripheral_enable_clock                       ../libopencm3/lib/libopencm3_stm32f4.a(rcc_common_all.o)
rcc_peripheral_reset                              ../libopencm3/lib/libopencm3_stm32f4.a(rcc_common_all.o)
rcc_plli2s_config                                 ../libopencm3/lib/libopencm3_stm32f4.a(rcc.o)
rcc_pllsai_config                                 ../libopencm3/lib/libopencm3_stm32f4.a(rcc.o)
rcc_pllsai_postscalers                            ../libopencm3/lib/libopencm3_stm32f4.a(rcc.o)
rcc_set_hpre                                      ../libopencm3/lib/libopencm3_stm32f4.a(rcc.o)
rcc_set_main_pll_hse                              ../libopencm3/lib/libopencm3_stm32f4.a(rcc.o)
rcc_set_main_pll_hsi                              ../libopencm3/lib/libopencm3_stm32f4.a(rcc.o)
rcc_set_mco                                       ../libopencm3/lib/libopencm3_stm32f4.a(rcc_common_all.o)
rcc_set_pll_source                                ../libopencm3/lib/libopencm3_stm32f4.a(rcc.o)
rcc_set_ppre1                                     ../libopencm3/lib/libopencm3_stm32f4.a(rcc.o)
rcc_set_ppre2                                     ../libopencm3/lib/libopencm3_stm32f4.a(rcc.o)
rcc_set_rtcpre                                    ../libopencm3/lib/libopencm3_stm32f4.a(rcc.o)
rcc_set_sysclk_source                             ../libopencm3/lib/libopencm3_stm32f4.a(rcc.o)
rcc_system_clock_source                           ../libopencm3/lib/libopencm3_stm32f4.a(rcc.o)
rcc_wait_for_osc_ready                            ../libopencm3/lib/libopencm3_stm32f4.a(rcc.o)
rcc_wait_for_sysclk_status                        ../libopencm3/lib/libopencm3_stm32f4.a(rcc.o)
reset_handler                                     ../libopencm3/lib/libopencm3_stm32f4.a(vector.o)
rtc_alarm_isr                                     ../libopencm3/lib/libopencm3_stm32f4.a(vector.o)
rtc_wkup_isr                                      ../libopencm3/lib/libopencm3_stm32f4.a(vector.o)
sai1_isr                                          ../libopencm3/lib/libopencm3_stm32f4.a(vector.o)
sdio_isr                                          ../libopencm3/lib/libopencm3_stm32f4.a(vector.o)
spi1_isr                                          ../libopencm3/lib/libopencm3_stm32f4.a(vector.o)
spi2_isr                                          ../libopencm3/lib/libopencm3_stm32f4.a(vector.o)
spi3_isr                                          ../libopencm3/lib/libopencm3_stm32f4.a(vector.o)
spi4_isr                                          ../libopencm3/lib/libopencm3_stm32f4.a(vector.o)
spi5_isr                                          ../libopencm3/lib/libopencm3_stm32f4.a(vector.o)
spi6_isr                                          ../libopencm3/lib/libopencm3_stm32f4.a(vector.o)
sv_call_handler                                   ../libopencm3/lib/libopencm3_stm32f4.a(vector.o)
sys_tick_handler                                  src/core/system.o
system_get_ticks                                  src/core/system.o
                                                  src/firmware.o
system_setup                                      src/core/system.o
                                                  src/firmware.o
systick_clear                                     ../libopencm3/lib/libopencm3_stm32f4.a(systick.o)
systick_counter_disable                           ../libopencm3/lib/libopencm3_stm32f4.a(systick.o)
systick_counter_enable                            ../libopencm3/lib/libopencm3_stm32f4.a(systick.o)
                                                  src/core/system.o
systick_get_calib                                 ../libopencm3/lib/libopencm3_stm32f4.a(systick.o)
systick_get_countflag                             ../libopencm3/lib/libopencm3_stm32f4.a(systick.o)
systick_get_reload                                ../libopencm3/lib/libopencm3_stm32f4.a(systick.o)
systick_get_value                                 ../libopencm3/lib/libopencm3_stm32f4.a(systick.o)
systick_interrupt_disable                         ../libopencm3/lib/libopencm3_stm32f4.a(systick.o)
systick_interrupt_enable                          ../libopencm3/lib/libopencm3_stm32f4.a(systick.o)
                                                  src/core/system.o
systick_set_clocksource                           ../libopencm3/lib/libopencm3_stm32f4.a(systick.o)
systick_set_frequency                             ../libopencm3/lib/libopencm3_stm32f4.a(systick.o)
                                                  src/core/system.o
systick_set_reload                                ../libopencm3/lib/libopencm3_stm32f4.a(systick.o)
tamp_stamp_isr                                    ../libopencm3/lib/libopencm3_stm32f4.a(vector.o)
tim1_brk_tim9_isr                                 ../libopencm3/lib/libopencm3_stm32f4.a(vector.o)
tim1_cc_isr                                       ../libopencm3/lib/libopencm3_stm32f4.a(vector.o)
tim1_trg_com_tim11_isr                            ../libopencm3/lib/libopencm3_stm32f4.a(vector.o)
tim1_up_tim10_isr                                 ../libopencm3/lib/libopencm3_stm32f4.a(vector.o)
tim2_isr                                          ../libopencm3/lib/libopencm3_stm32f4.a(vector.o)
tim3_isr                                          ../libopencm3/lib/libopencm3_stm32f4.a(vector.o)
tim4_isr                                          ../libopencm3/lib/libopencm3_stm32f4.a(vector.o)
tim5_isr                                          ../libopencm3/lib/libopencm3_stm32f4.a(vector.o)
tim6_dac_isr                                      ../libopencm3/lib/libopencm3_stm32f4.a(vector.o)
tim7_isr                                          ../libopencm3/lib/libopencm3_stm32f4.a(vector.o)
tim8_brk_tim12_isr                                ../libopencm3/lib/libopencm3_stm32f4.a(vector.o)
tim8_cc_isr                                       ../libopencm3/lib/libopencm3_stm32f4.a(vector.o)
tim8_trg_com_tim14_isr                            ../libopencm3/lib/libopencm3_stm32f4.a(vector.o)
tim8_up_tim13_isr                                 ../libopencm3/lib/libopencm3_stm32f4.a(vector.o)
timer_clear_flag                                  ../libopencm3/lib/libopencm3_stm32f4.a(timer_common_all.o)
timer_continuous_mode                             ../libopencm3/lib/libopencm3_stm32f4.a(timer_common_all.o)
timer_direction_down                              ../libopencm3/lib/libopencm3_stm32f4.a(timer_common_all.o)
timer_direction_up                                ../libopencm3/lib/libopencm3_stm32f4.a(timer_common_all.o)
timer_disable_break                               ../libopencm3/lib/libopencm3_stm32f4.a(timer_common_all.o)
timer_disable_break_automatic_output              ../libopencm3/lib/libopencm3_stm32f4.a(timer_common_all.o)
timer_disable_break_main_output                   ../libopencm3/lib/libopencm3_stm32f4.a(timer_common_all.o)
timer_disable_compare_control_update_on_trigger   ../libopencm3/lib/libopencm3_stm32f4.a(timer_common_all.o)
timer_disable_counter                             ../libopencm3/lib/libopencm3_stm32f4.a(timer_common_all.o)
timer_disable_irq                                 ../libopencm3/lib/libopencm3_stm32f4.a(timer_common_all.o)
timer_disable_oc_clear                            ../libopencm3/lib/libopencm3_stm32f4.a(timer_common_all.o)
timer_disable_oc_output                           ../libopencm3/lib/libopencm3_stm32f4.a(timer_common_all.o)
timer_disable_oc_preload                          ../libopencm3/lib/libopencm3_stm32f4.a(timer_common_all.o)
timer_disable_preload                             ../libopencm3/lib/libopencm3_stm32f4.a(timer_common_all.o)
timer_disable_preload_complementry_enable_bits    ../libopencm3/lib/libopencm3_stm32f4.a(timer_common_all.o)
timer_disable_update_event                        ../libopencm3/lib/libopencm3_stm32f4.a(timer_common_all.o)
timer_enable_break                                ../libopencm3/lib/libopencm3_stm32f4.a(timer_common_all.o)
timer_enable_break_automatic_output               ../libopencm3/lib/libopencm3_stm32f4.a(timer_common_all.o)
timer_enable_break_main_output                    ../libopencm3/lib/libopencm3_stm32f4.a(timer_common_all.o)
timer_enable_compare_control_update_on_trigger    ../libopencm3/lib/libopencm3_stm32f4.a(timer_common_all.o)
timer_enable_counter                              ../libopencm3/lib/libopencm3_stm32f4.a(timer_common_all.o)
                                                  src/core/timer.o
timer_enable_irq                                  ../libopencm3/lib/libopencm3_stm32f4.a(timer_common_all.o)
timer_enable_oc_clear                             ../libopencm3/lib/libopencm3_stm32f4.a(timer_common_all.o)
timer_enable_oc_output                            ../libopencm3/lib/libopencm3_stm32f4.a(timer_common_all.o)
                                                  src/core/timer.o
timer_enable_oc_preload                           ../libopencm3/lib/libopencm3_stm32f4.a(timer_common_all.o)
timer_enable_preload                              ../libopencm3/lib/libopencm3_stm32f4.a(timer_common_all.o)
timer_enable_preload_complementry_enable_bits     ../libopencm3/lib/libopencm3_stm32f4.a(timer_common_all.o)
timer_enable_update_event                         ../libopencm3/lib/libopencm3_stm32f4.a(timer_common_all.o)
timer_generate_event                              ../libopencm3/lib/libopencm3_stm32f4.a(timer_common_all.o)
timer_get_counter                                 ../libopencm3/lib/libopencm3_stm32f4.a(timer_common_all.o)
timer_get_flag                                    ../libopencm3/lib/libopencm3_stm32f4.a(timer_common_all.o)
timer_ic_disable                                  ../libopencm3/lib/libopencm3_stm32f4.a(timer_common_all.o)
timer_ic_enable                                   ../libopencm3/lib/libopencm3_stm32f4.a(timer_common_all.o)
timer_ic_set_filter                               ../libopencm3/lib/libopencm3_stm32f4.a(timer_common_all.o)
timer_ic_set_input                                ../libopencm3/lib/libopencm3_stm32f4.a(timer_common_all.o)
timer_ic_set_prescaler                            ../libopencm3/lib/libopencm3_stm32f4.a(timer_common_all.o)
timer_interrupt_source                            ../libopencm3/lib/libopencm3_stm32f4.a(timer_common_all.o)
timer_one_shot_mode                               ../libopencm3/lib/libopencm3_stm32f4.a(timer_common_all.o)
timer_pwm_set_duty_cycle                          src/core/timer.o
                                                  src/firmware.o
timer_reset_output_idle_state                     ../libopencm3/lib/libopencm3_stm32f4.a(timer_common_all.o)
timer_set_alignment                               ../libopencm3/lib/libopencm3_stm32f4.a(timer_common_all.o)
timer_set_break_lock                              ../libopencm3/lib/libopencm3_stm32f4.a(timer_common_all.o)
timer_set_break_polarity_high                     ../libopencm3/lib/libopencm3_stm32f4.a(timer_common_all.o)
timer_set_break_polarity_low                      ../libopencm3/lib/libopencm3_stm32f4.a(timer_common_all.o)
timer_set_clock_division                          ../libopencm3/lib/libopencm3_stm32f4.a(timer_common_all.o)
timer_set_counter                                 ../libopencm3/lib/libopencm3_stm32f4.a(timer_common_all.o)
timer_set_deadtime                                ../libopencm3/lib/libopencm3_stm32f4.a(timer_common_all.o)
timer_set_disabled_off_state_in_idle_mode         ../libopencm3/lib/libopencm3_stm32f4.a(timer_common_all.o)
timer_set_disabled_off_state_in_run_mode          ../libopencm3/lib/libopencm3_stm32f4.a(timer_common_all.o)
timer_set_dma_on_compare_event                    ../libopencm3/lib/libopencm3_stm32f4.a(timer_common_all.o)
timer_set_dma_on_update_event                     ../libopencm3/lib/libopencm3_stm32f4.a(timer_common_all.o)
timer_set_enabled_off_state_in_idle_mode          ../libopencm3/lib/libopencm3_stm32f4.a(timer_common_all.o)
timer_set_enabled_off_state_in_run_mode           ../libopencm3/lib/libopencm3_stm32f4.a(timer_common_all.o)
timer_set_master_mode                             ../libopencm3/lib/libopencm3_stm32f4.a(timer_common_all.o)
timer_set_mode                                    ../libopencm3/lib/libopencm3_stm32f4.a(timer_common_all.o)
                                                  src/core/timer.o
timer_set_oc1_mode                                ../libopencm3/lib/libopencm3_stm32f4.a(timer_common_all.o)
timer_set_oc2_mode                                ../libopencm3/lib/libopencm3_stm32f4.a(timer_common_all.o)
timer_set_oc3_mode                                ../libopencm3/lib/libopencm3_stm32f4.a(timer_common_all.o)
timer_set_oc4_mode                                ../libopencm3/lib/libopencm3_stm32f4.a(timer_common_all.o)
timer_set_oc_fast_mode                            ../libopencm3/lib/libopencm3_stm32f4.a(timer_common_all.o)
timer_set_oc_idle_state_set                       ../libopencm3/lib/libopencm3_stm32f4.a(timer_common_all.o)
timer_set_oc_idle_state_unset                     ../libopencm3/lib/libopencm3_stm32f4.a(timer_common_all.o)
timer_set_oc_mode                                 ../libopencm3/lib/libopencm3_stm32f4.a(timer_common_all.o)
                                                  src/core/timer.o
timer_set_oc_polarity_high                        ../libopencm3/lib/libopencm3_stm32f4.a(timer_common_all.o)
timer_set_oc_polarity_low                         ../libopencm3/lib/libopencm3_stm32f4.a(timer_common_all.o)
timer_set_oc_slow_mode                            ../libopencm3/lib/libopencm3_stm32f4.a(timer_common_all.o)
timer_set_oc_value                                ../libopencm3/lib/libopencm3_stm32f4.a(timer_common_all.o)
                                                  src/core/timer.o
timer_set_output_idle_state                       ../libopencm3/lib/libopencm3_stm32f4.a(timer_common_all.o)
timer_set_period                                  ../libopencm3/lib/libopencm3_stm32f4.a(timer_common_all.o)
                                                  src/core/timer.o
timer_set_prescaler                               ../libopencm3/lib/libopencm3_stm32f4.a(timer_common_all.o)
                                                  src/core/timer.o
timer_set_repetition_counter                      ../libopencm3/lib/libopencm3_stm32f4.a(timer_common_all.o)
timer_set_ti1_ch1                                 ../libopencm3/lib/libopencm3_stm32f4.a(timer_common_all.o)
timer_set_ti1_ch123_xor                           ../libopencm3/lib/libopencm3_stm32f4.a(timer_common_all.o)
timer_setup                                       src/core/timer.o
                                                  src/firmware.o
timer_slave_set_extclockmode2                     ../libopencm3/lib/libopencm3_stm32f4.a(timer_common_all.o)
timer_slave_set_filter                            ../libopencm3/lib/libopencm3_stm32f4.a(timer_common_all.o)
timer_slave_set_mode                              ../libopencm3/lib/libopencm3_stm32f4.a(timer_common_all.o)
timer_slave_set_polarity                          ../libopencm3/lib/libopencm3_stm32f4.a(timer_common_all.o)
timer_slave_set_prescaler                         ../libopencm3/lib/libopencm3_stm32f4.a(timer_common_all.o)
timer_slave_set_trigger                           ../libopencm3/lib/libopencm3_stm32f4.a(timer_common_all.o)
timer_update_on_any                               ../libopencm3/lib/libopencm3_stm32f4.a(timer_common_all.o)
timer_update_on_overflow                          ../libopencm3/lib/libopencm3_stm32f4.a(timer_common_all.o)
uart4_isr                                         ../libopencm3/lib/libopencm3_stm32f4.a(vector.o)
uart5_isr                                         ../libopencm3/lib/libopencm3_stm32f4.a(vector.o)
uart7_isr                                         ../libopencm3/lib/libopencm3_stm32f4.a(vector.o)
uart8_isr                                         ../libopencm3/lib/libopencm3_stm32f4.a(vector.o)
usage_fault_handler                               ../libopencm3/lib/libopencm3_stm32f4.a(vector.o)
usart1_isr                                        ../libopencm3/lib/libopencm3_stm32f4.a(vector.o)
usart2_isr                                        ../libopencm3/lib/libopencm3_stm32f4.a(vector.o)
usart3_isr                                        ../libopencm3/lib/libopencm3_stm32f4.a(vector.o)
usart6_isr                                        ../libopencm3/lib/libopencm3_stm32f4.a(vector.o)
usb_fs_wkup_isr                                   ../libopencm3/lib/libopencm3_stm32f4.a(vector.o)
vector_table                                      ../libopencm3/lib/libopencm3_stm32f4.a(vector.o)
